--------------------------------------------------------------------------------
Release 11.4 Trace  (lin64)
Copyright (c) 1995-2009 Xilinx, Inc.  All rights reserved.

/opt/Xilinx/11.1/ISE/bin/lin64/unwrapped/trce -ise ../__xps/ise/system.ise -e
200 -xml system.twx system.ncd system.pcf

Design file:              system.ncd
Physical constraint file: system.pcf
Device,package,speed:     xc5vsx95t,ff1136,-1 (PRODUCTION 1.66 2009-11-16, STEPPING level 0)
Report level:             error report, limited to 200 items per constraint

Environment Variable      Effect 
--------------------      ------ 
NONE                      No environment variables were set
--------------------------------------------------------------------------------

WARNING:Timing:3223 - Timing constraint TS_MC_PHY_INIT_DATA_SEL_90 = MAXDELAY 
   FROM TIMEGRP "TNM_PHY_INIT_DATA_SEL" TO        TIMEGRP "RAMS" 10 ns; ignored 
   during timing analysis.
INFO:Timing:3386 - Intersecting Constraints found and resolved.  For more 
   information, see the TSI report.  Please consult the Xilinx Command Line 
   Tools User Guide for information on generating a TSI report.
INFO:Timing:2752 - To get complete path coverage, use the unconstrained paths 
   option. All paths that are not constrained will be reported in the 
   unconstrained paths section(s) of the report.
INFO:Timing:3339 - The clock-to-out numbers in this timing report are based on 
   a 50 Ohm transmission line loading model.  For the details of this model, 
   and for more information on accounting for different loading conditions, 
   please see the device datasheet.

================================================================================
Timing constraint: NET "epb_cs_n_IBUF" MAXDELAY = 4 ns;

 1 net analyzed, 0 failing nets detected.
 0 timing errors detected.
 Maximum net delay is   2.426ns.
--------------------------------------------------------------------------------

================================================================================
Timing constraint: NET 
"chan_550_clean_adc_mkid/chan_550_clean_adc_mkid/drdy_clk" PERIOD = 3.6364      
   ns HIGH 50%;

 0 paths analyzed, 0 endpoints analyzed, 0 failing endpoints
 0 timing errors detected. (0 component switching limit errors)
--------------------------------------------------------------------------------

================================================================================
Timing constraint: NET 
"chan_550_clean_adc_mkid/chan_550_clean_adc_mkid/drdy_clk" PERIOD = 3.6364      
   ns HIGH 50%;

 0 paths analyzed, 0 endpoints analyzed, 0 failing endpoints
 0 timing errors detected. (0 component switching limit errors)
 Minimum period is   3.000ns.
--------------------------------------------------------------------------------

================================================================================
Timing constraint: PERIOD analysis for net 
"chan_550_clean_adc_mkid/chan_550_clean_adc_mkid/dcm_clk" derived from  NET 
"chan_550_clean_adc_mkid/chan_550_clean_adc_mkid/drdy_clk" PERIOD = 3.6364      
  ns HIGH 50%;  duty cycle corrected to 3.636 nS  HIGH 1.818 nS  

 131337 paths analyzed, 85936 endpoints analyzed, 0 failing endpoints
 0 timing errors detected. (0 setup errors, 0 hold errors, 0 component switching limit errors)
 Minimum period is   3.611ns.
--------------------------------------------------------------------------------

================================================================================
Timing constraint: TS_dly_clk_n = PERIOD TIMEGRP "dly_clk_n" 200 MHz HIGH 50%;

 0 paths analyzed, 0 endpoints analyzed, 0 failing endpoints
 0 timing errors detected. (0 component switching limit errors)
 Minimum period is   3.600ns.
--------------------------------------------------------------------------------

================================================================================
Timing constraint: TS_epb_clk = PERIOD TIMEGRP "epb_clk" 88 MHz HIGH 50%;

 382709 paths analyzed, 10701 endpoints analyzed, 0 failing endpoints
 0 timing errors detected. (0 setup errors, 0 hold errors, 0 component switching limit errors)
 Minimum period is  11.293ns.
--------------------------------------------------------------------------------

================================================================================
Timing constraint: TS_MC_RD_DATA_SEL = MAXDELAY FROM TIMEGRP "TNM_RD_DATA_SEL" 
TO TIMEGRP "FFS"         10 ns;

 402 paths analyzed, 402 endpoints analyzed, 0 failing endpoints
 0 timing errors detected. (0 setup errors, 0 hold errors)
 Maximum delay is   5.885ns.
--------------------------------------------------------------------------------

================================================================================
Timing constraint: TS_MC_RDEN_SEL_MUX = MAXDELAY FROM TIMEGRP 
"TNM_RDEN_SEL_MUX" TO TIMEGRP "FFS"         10 ns;

 128 paths analyzed, 128 endpoints analyzed, 0 failing endpoints
 0 timing errors detected. (0 setup errors, 0 hold errors)
 Maximum delay is   3.711ns.
--------------------------------------------------------------------------------

================================================================================
Timing constraint: TS_MC_PHY_INIT_DATA_SEL_0 = MAXDELAY FROM TIMEGRP 
"TNM_PHY_INIT_DATA_SEL" TO         TIMEGRP "FFS" 10 ns;

 311 paths analyzed, 311 endpoints analyzed, 0 failing endpoints
 0 timing errors detected. (0 setup errors, 0 hold errors)
 Maximum delay is   6.009ns.
--------------------------------------------------------------------------------

================================================================================
Timing constraint: TS_MC_PHY_INIT_DATA_SEL_90 = MAXDELAY FROM TIMEGRP 
"TNM_PHY_INIT_DATA_SEL" TO         TIMEGRP "RAMS" 10 ns;

 0 paths analyzed, 0 endpoints analyzed, 0 failing endpoints
 0 timing errors detected.
--------------------------------------------------------------------------------

================================================================================
Timing constraint: TS_MC_GATE_DLY = MAXDELAY FROM TIMEGRP "TNM_GATE_DLY" TO 
TIMEGRP "FFS" 10 ns;

 45 paths analyzed, 45 endpoints analyzed, 0 failing endpoints
 0 timing errors detected. (0 setup errors, 0 hold errors)
 Maximum delay is   3.213ns.
--------------------------------------------------------------------------------

================================================================================
Timing constraint: TS_MC_RDEN_DLY = MAXDELAY FROM TIMEGRP "TNM_RDEN_DLY" TO 
TIMEGRP "FFS" 10 ns;

 5 paths analyzed, 5 endpoints analyzed, 0 failing endpoints
 0 timing errors detected. (0 setup errors, 0 hold errors)
 Maximum delay is   2.524ns.
--------------------------------------------------------------------------------

================================================================================
Timing constraint: TS_MC_CAL_RDEN_DLY = MAXDELAY FROM TIMEGRP 
"TNM_CAL_RDEN_DLY" TO TIMEGRP "FFS"         10 ns;

 5 paths analyzed, 5 endpoints analyzed, 0 failing endpoints
 0 timing errors detected. (0 setup errors, 0 hold errors)
 Maximum delay is   2.562ns.
--------------------------------------------------------------------------------

================================================================================
Timing constraint: TS_adcmkid1_DRDY_I_p = PERIOD TIMEGRP "adcmkid1_DRDY_I_p" 
3.636 ns HIGH 50%;

 0 paths analyzed, 0 endpoints analyzed, 0 failing endpoints
 0 timing errors detected. (0 component switching limit errors)
 Minimum period is   3.000ns.
--------------------------------------------------------------------------------

================================================================================
Timing constraint: TS_adcmkid1_DRDY_I_n = PERIOD TIMEGRP "adcmkid1_DRDY_I_n" 
3.636 ns HIGH 50%;

 0 paths analyzed, 0 endpoints analyzed, 0 failing endpoints
 0 timing errors detected. (0 component switching limit errors)
 Minimum period is   3.000ns.
--------------------------------------------------------------------------------

================================================================================
Timing constraint: TS_dram_infrastructure_inst_dram_infrastructure_inst_mem_clk 
= PERIOD TIMEGRP         
"dram_infrastructure_inst_dram_infrastructure_inst_mem_clk"         
TS_dly_clk_n * 1.5 HIGH 50%;

 0 paths analyzed, 0 endpoints analyzed, 0 failing endpoints
 0 timing errors detected. (0 component switching limit errors)
 Minimum period is   2.221ns.
--------------------------------------------------------------------------------

================================================================================
Timing constraint: TS_chan_550_clean_adc_mkid_chan_550_clean_adc_mkid_dcm_clk = 
PERIOD TIMEGRP         
"chan_550_clean_adc_mkid_chan_550_clean_adc_mkid_dcm_clk"         
TS_adcmkid1_DRDY_I_p HIGH 50%;

 0 paths analyzed, 0 endpoints analyzed, 0 failing endpoints
 0 timing errors detected. (0 component switching limit errors)
 Minimum period is   2.222ns.
--------------------------------------------------------------------------------

================================================================================
Timing constraint: TS_chan_550_clean_adc_mkid_chan_550_clean_adc_mkid_dcm_clk_0 
= PERIOD TIMEGRP         
"chan_550_clean_adc_mkid_chan_550_clean_adc_mkid_dcm_clk_0"         
TS_adcmkid1_DRDY_I_n HIGH 50%;

 0 paths analyzed, 0 endpoints analyzed, 0 failing endpoints
 0 timing errors detected. (0 component switching limit errors)
 Minimum period is   2.222ns.
--------------------------------------------------------------------------------

================================================================================
Timing constraint: 
TS_dram_infrastructure_inst_dram_infrastructure_inst_dram_clk_0_int = PERIOD    
     TIMEGRP         
"dram_infrastructure_inst_dram_infrastructure_inst_dram_clk_0_int"         
TS_dram_infrastructure_inst_dram_infrastructure_inst_mem_clk HIGH 50%;

 11631 paths analyzed, 6255 endpoints analyzed, 2 failing endpoints
 2 timing errors detected. (2 setup errors, 0 hold errors, 0 component switching limit errors)
 Minimum period is   3.399ns.
--------------------------------------------------------------------------------
Slack:                  -0.066ns (requirement - (data path - clock path skew + uncertainty))
  Source:               opb_dram_sniffer_inst/opb_dram_sniffer_inst/sniffer_enabled.dram_arbiter/read_history_fifo_inst/BU2/U0/grf.rf/gl0.rd/gr1.rfwft/curr_fwft_state_0 (FF)
  Destination:          opb_dram_sniffer_inst/opb_dram_sniffer_inst/sniffer_enabled.dram_arbiter/read_history_fifo_inst/BU2/U0/grf.rf/gl0.wr/gwss.gpf.wrpf/diff_pntr_pad_4 (FF)
  Requirement:          3.333ns
  Data Path Delay:      3.255ns (Levels of Logic = 4)
  Clock Path Skew:      -0.081ns (0.572 - 0.653)
  Source Clock:         dram_sys_dram_clk_0 rising at 0.000ns
  Destination Clock:    dram_sys_dram_clk_0 rising at 3.333ns
  Clock Uncertainty:    0.063ns

  Clock Uncertainty:          0.063ns  ((TSJ^2 + DJ^2)^1/2) / 2 + PE
    Total System Jitter (TSJ):  0.070ns
    Discrete Jitter (DJ):       0.103ns
    Phase Error (PE):           0.000ns

  Maximum Data Path: opb_dram_sniffer_inst/opb_dram_sniffer_inst/sniffer_enabled.dram_arbiter/read_history_fifo_inst/BU2/U0/grf.rf/gl0.rd/gr1.rfwft/curr_fwft_state_0 to opb_dram_sniffer_inst/opb_dram_sniffer_inst/sniffer_enabled.dram_arbiter/read_history_fifo_inst/BU2/U0/grf.rf/gl0.wr/gwss.gpf.wrpf/diff_pntr_pad_4
    Location             Delay type         Delay(ns)  Physical Resource
                                                       Logical Resource(s)
    -------------------------------------------------  -------------------
    SLICE_X69Y26.AQ      Tcko                  0.450   opb_dram_sniffer_inst/opb_dram_sniffer_inst/sniffer_enabled.dram_arbiter/read_history_fifo_inst/BU2/U0/grf.rf/gl0.rd/gr1.rfwft/curr_fwft_state<1>
                                                       opb_dram_sniffer_inst/opb_dram_sniffer_inst/sniffer_enabled.dram_arbiter/read_history_fifo_inst/BU2/U0/grf.rf/gl0.rd/gr1.rfwft/curr_fwft_state_0
    SLICE_X68Y26.C1      net (fanout=7)        0.908   opb_dram_sniffer_inst/opb_dram_sniffer_inst/sniffer_enabled.dram_arbiter/read_history_fifo_inst/BU2/U0/grf.rf/gl0.rd/gr1.rfwft/curr_fwft_state<0>
    SLICE_X68Y26.C       Tilo                  0.094   chan_550_clean_XSG_core_config/chan_550_clean_XSG_core_config/chan_550_clean_x0/fir_5589f10850/delay7/srl_delay.synth_reg_srl_inst/z(3)(2)
                                                       opb_dram_sniffer_inst/opb_dram_sniffer_inst/sniffer_enabled.dram_arbiter/read_history_fifo_inst/BU2/U0/grf.rf/gl0.wr/gwss.gpf.wrpf/rd_pntr_wr_inv_pad<0>_mand1
    SLICE_X67Y28.AX      net (fanout=1)        0.486   opb_dram_sniffer_inst/opb_dram_sniffer_inst/sniffer_enabled.dram_arbiter/read_history_fifo_inst/BU2/U0/grf.rf/gl0.wr/gwss.gpf.wrpf/rd_pntr_wr_inv_pad<0>_mand1
    SLICE_X67Y28.COUT    Taxcy                 0.439   dram_controller_inst/dram_controller_inst/mem_if_top_inst/u_phy_top/u_phy_write/dq_oe_n<10>
                                                       opb_dram_sniffer_inst/opb_dram_sniffer_inst/sniffer_enabled.dram_arbiter/read_history_fifo_inst/BU2/U0/grf.rf/gl0.wr/gwss.gpf.wrpf/Madd_diff_pntr_pad_addsub0000_cy<3>
    SLICE_X67Y29.CIN     net (fanout=1)        0.000   opb_dram_sniffer_inst/opb_dram_sniffer_inst/sniffer_enabled.dram_arbiter/read_history_fifo_inst/BU2/U0/grf.rf/gl0.wr/gwss.gpf.wrpf/Madd_diff_pntr_pad_addsub0000_cy<3>
    SLICE_X67Y29.AMUX    Tcina                 0.271   dram_user_dimm1_async_app_rd_data<103>
                                                       opb_dram_sniffer_inst/opb_dram_sniffer_inst/sniffer_enabled.dram_arbiter/read_history_fifo_inst/BU2/U0/grf.rf/gl0.wr/gwss.gpf.wrpf/Madd_diff_pntr_pad_addsub0000_cy<7>
    SLICE_X67Y27.D6      net (fanout=1)        0.579   opb_dram_sniffer_inst/opb_dram_sniffer_inst/sniffer_enabled.dram_arbiter/read_history_fifo_inst/BU2/U0/grf.rf/gl0.wr/gwss.gpf.wrpf/diff_pntr_pad_addsub0000<4>
    SLICE_X67Y27.CLK     Tas                   0.028   opb_dram_sniffer_inst/opb_dram_sniffer_inst/sniffer_enabled.dram_arbiter/read_history_fifo_inst/BU2/U0/grf.rf/gl0.wr/gwss.gpf.wrpf/diff_pntr_pad<4>
                                                       opb_dram_sniffer_inst/opb_dram_sniffer_inst/sniffer_enabled.dram_arbiter/read_history_fifo_inst/BU2/U0/grf.rf/gl0.wr/gwss.gpf.wrpf/diff_pntr_pad_mux0001<6>1
                                                       opb_dram_sniffer_inst/opb_dram_sniffer_inst/sniffer_enabled.dram_arbiter/read_history_fifo_inst/BU2/U0/grf.rf/gl0.wr/gwss.gpf.wrpf/diff_pntr_pad_4
    -------------------------------------------------  ---------------------------
    Total                                      3.255ns (1.282ns logic, 1.973ns route)
                                                       (39.4% logic, 60.6% route)

--------------------------------------------------------------------------------
Slack:                  -0.013ns (requirement - (data path - clock path skew + uncertainty))
  Source:               opb_dram_sniffer_inst/opb_dram_sniffer_inst/sniffer_enabled.dram_arbiter/read_history_fifo_inst/BU2/U0/grf.rf/gl0.rd/gr1.rfwft/curr_fwft_state_0 (FF)
  Destination:          opb_dram_sniffer_inst/opb_dram_sniffer_inst/sniffer_enabled.dram_arbiter/read_history_fifo_inst/BU2/U0/grf.rf/gl0.wr/gwss.gpf.wrpf/diff_pntr_pad_6 (FF)
  Requirement:          3.333ns
  Data Path Delay:      3.196ns (Levels of Logic = 4)
  Clock Path Skew:      -0.087ns (0.566 - 0.653)
  Source Clock:         dram_sys_dram_clk_0 rising at 0.000ns
  Destination Clock:    dram_sys_dram_clk_0 rising at 3.333ns
  Clock Uncertainty:    0.063ns

  Clock Uncertainty:          0.063ns  ((TSJ^2 + DJ^2)^1/2) / 2 + PE
    Total System Jitter (TSJ):  0.070ns
    Discrete Jitter (DJ):       0.103ns
    Phase Error (PE):           0.000ns

  Maximum Data Path: opb_dram_sniffer_inst/opb_dram_sniffer_inst/sniffer_enabled.dram_arbiter/read_history_fifo_inst/BU2/U0/grf.rf/gl0.rd/gr1.rfwft/curr_fwft_state_0 to opb_dram_sniffer_inst/opb_dram_sniffer_inst/sniffer_enabled.dram_arbiter/read_history_fifo_inst/BU2/U0/grf.rf/gl0.wr/gwss.gpf.wrpf/diff_pntr_pad_6
    Location             Delay type         Delay(ns)  Physical Resource
                                                       Logical Resource(s)
    -------------------------------------------------  -------------------
    SLICE_X69Y26.AQ      Tcko                  0.450   opb_dram_sniffer_inst/opb_dram_sniffer_inst/sniffer_enabled.dram_arbiter/read_history_fifo_inst/BU2/U0/grf.rf/gl0.rd/gr1.rfwft/curr_fwft_state<1>
                                                       opb_dram_sniffer_inst/opb_dram_sniffer_inst/sniffer_enabled.dram_arbiter/read_history_fifo_inst/BU2/U0/grf.rf/gl0.rd/gr1.rfwft/curr_fwft_state_0
    SLICE_X68Y26.C1      net (fanout=7)        0.908   opb_dram_sniffer_inst/opb_dram_sniffer_inst/sniffer_enabled.dram_arbiter/read_history_fifo_inst/BU2/U0/grf.rf/gl0.rd/gr1.rfwft/curr_fwft_state<0>
    SLICE_X68Y26.C       Tilo                  0.094   chan_550_clean_XSG_core_config/chan_550_clean_XSG_core_config/chan_550_clean_x0/fir_5589f10850/delay7/srl_delay.synth_reg_srl_inst/z(3)(2)
                                                       opb_dram_sniffer_inst/opb_dram_sniffer_inst/sniffer_enabled.dram_arbiter/read_history_fifo_inst/BU2/U0/grf.rf/gl0.wr/gwss.gpf.wrpf/rd_pntr_wr_inv_pad<0>_mand1
    SLICE_X67Y28.AX      net (fanout=1)        0.486   opb_dram_sniffer_inst/opb_dram_sniffer_inst/sniffer_enabled.dram_arbiter/read_history_fifo_inst/BU2/U0/grf.rf/gl0.wr/gwss.gpf.wrpf/rd_pntr_wr_inv_pad<0>_mand1
    SLICE_X67Y28.COUT    Taxcy                 0.439   dram_controller_inst/dram_controller_inst/mem_if_top_inst/u_phy_top/u_phy_write/dq_oe_n<10>
                                                       opb_dram_sniffer_inst/opb_dram_sniffer_inst/sniffer_enabled.dram_arbiter/read_history_fifo_inst/BU2/U0/grf.rf/gl0.wr/gwss.gpf.wrpf/Madd_diff_pntr_pad_addsub0000_cy<3>
    SLICE_X67Y29.CIN     net (fanout=1)        0.000   opb_dram_sniffer_inst/opb_dram_sniffer_inst/sniffer_enabled.dram_arbiter/read_history_fifo_inst/BU2/U0/grf.rf/gl0.wr/gwss.gpf.wrpf/Madd_diff_pntr_pad_addsub0000_cy<3>
    SLICE_X67Y29.CMUX    Tcinc                 0.334   dram_user_dimm1_async_app_rd_data<103>
                                                       opb_dram_sniffer_inst/opb_dram_sniffer_inst/sniffer_enabled.dram_arbiter/read_history_fifo_inst/BU2/U0/grf.rf/gl0.wr/gwss.gpf.wrpf/Madd_diff_pntr_pad_addsub0000_cy<7>
    SLICE_X67Y31.B6      net (fanout=1)        0.458   opb_dram_sniffer_inst/opb_dram_sniffer_inst/sniffer_enabled.dram_arbiter/read_history_fifo_inst/BU2/U0/grf.rf/gl0.wr/gwss.gpf.wrpf/diff_pntr_pad_addsub0000<6>
    SLICE_X67Y31.CLK     Tas                   0.027   opb_dram_sniffer_inst/opb_dram_sniffer_inst/sniffer_enabled.dram_arbiter/read_history_fifo_inst/BU2/U0/grf.rf/gl0.wr/gwss.gpf.wrpf/diff_pntr_pad<8>
                                                       opb_dram_sniffer_inst/opb_dram_sniffer_inst/sniffer_enabled.dram_arbiter/read_history_fifo_inst/BU2/U0/grf.rf/gl0.wr/gwss.gpf.wrpf/diff_pntr_pad_mux0001<4>1
                                                       opb_dram_sniffer_inst/opb_dram_sniffer_inst/sniffer_enabled.dram_arbiter/read_history_fifo_inst/BU2/U0/grf.rf/gl0.wr/gwss.gpf.wrpf/diff_pntr_pad_6
    -------------------------------------------------  ---------------------------
    Total                                      3.196ns (1.344ns logic, 1.852ns route)
                                                       (42.1% logic, 57.9% route)

--------------------------------------------------------------------------------

================================================================================
Timing constraint: 
TS_dram_infrastructure_inst_dram_infrastructure_inst_dram_clk_90_int = PERIOD   
      TIMEGRP         
"dram_infrastructure_inst_dram_infrastructure_inst_dram_clk_90_int"         
TS_dram_infrastructure_inst_dram_infrastructure_inst_mem_clk PHASE         
0.833 ns HIGH 50%;

 729 paths analyzed, 708 endpoints analyzed, 0 failing endpoints
 0 timing errors detected. (0 setup errors, 0 hold errors, 0 component switching limit errors)
 Minimum period is   3.305ns.
--------------------------------------------------------------------------------

================================================================================
Timing constraint: 
TS_dram_infrastructure_inst_dram_infrastructure_inst_dram_clk_div_int = PERIOD  
       TIMEGRP         
"dram_infrastructure_inst_dram_infrastructure_inst_dram_clk_div_int"         
TS_dram_infrastructure_inst_dram_infrastructure_inst_mem_clk * 0.5         HIGH 
50%;

 13489 paths analyzed, 4258 endpoints analyzed, 0 failing endpoints
 0 timing errors detected. (0 setup errors, 0 hold errors, 0 component switching limit errors)
 Minimum period is   6.648ns.
--------------------------------------------------------------------------------


Derived Constraint Report
Derived Constraints for chan_550_clean_adc_mkid/chan_550_clean_adc_mkid/drdy_clk
+-------------------------------+-------------+-------------+-------------+-------------+-------------+-------------+-------------+
|                               |   Period    |       Actual Period       |      Timing Errors        |      Paths Analyzed       |
|           Constraint          | Requirement |-------------+-------------|-------------+-------------|-------------+-------------|
|                               |             |   Direct    | Derivative  |   Direct    | Derivative  |   Direct    | Derivative  |
+-------------------------------+-------------+-------------+-------------+-------------+-------------+-------------+-------------+
|chan_550_clean_adc_mkid/chan_55|      3.636ns|      3.000ns|      3.611ns|            0|            0|            0|       131337|
|0_clean_adc_mkid/drdy_clk      |             |             |             |             |             |             |             |
| chan_550_clean_adc_mkid/chan_5|      3.636ns|      3.611ns|          N/A|            0|            0|       131337|            0|
| 50_clean_adc_mkid/dcm_clk     |             |             |             |             |             |             |             |
+-------------------------------+-------------+-------------+-------------+-------------+-------------+-------------+-------------+

Derived Constraints for TS_dly_clk_n
+-------------------------------+-------------+-------------+-------------+-------------+-------------+-------------+-------------+
|                               |   Period    |       Actual Period       |      Timing Errors        |      Paths Analyzed       |
|           Constraint          | Requirement |-------------+-------------|-------------+-------------|-------------+-------------|
|                               |             |   Direct    | Derivative  |   Direct    | Derivative  |   Direct    | Derivative  |
+-------------------------------+-------------+-------------+-------------+-------------+-------------+-------------+-------------+
|TS_dly_clk_n                   |      5.000ns|      3.600ns|      5.099ns|            0|            2|            0|        25849|
| TS_dram_infrastructure_inst_dr|      3.333ns|      2.221ns|      3.399ns|            0|            2|            0|        25849|
| am_infrastructure_inst_mem_clk|             |             |             |             |             |             |             |
|  TS_dram_infrastructure_inst_d|      3.333ns|      3.399ns|          N/A|            2|            0|        11631|            0|
|  ram_infrastructure_inst_dram_|             |             |             |             |             |             |             |
|  clk_0_int                    |             |             |             |             |             |             |             |
|  TS_dram_infrastructure_inst_d|      3.333ns|      3.305ns|          N/A|            0|            0|          729|            0|
|  ram_infrastructure_inst_dram_|             |             |             |             |             |             |             |
|  clk_90_int                   |             |             |             |             |             |             |             |
|  TS_dram_infrastructure_inst_d|      6.667ns|      6.648ns|          N/A|            0|            0|        13489|            0|
|  ram_infrastructure_inst_dram_|             |             |             |             |             |             |             |
|  clk_div_int                  |             |             |             |             |             |             |             |
+-------------------------------+-------------+-------------+-------------+-------------+-------------+-------------+-------------+

Derived Constraints for TS_adcmkid1_DRDY_I_p
+-------------------------------+-------------+-------------+-------------+-------------+-------------+-------------+-------------+
|                               |   Period    |       Actual Period       |      Timing Errors        |      Paths Analyzed       |
|           Constraint          | Requirement |-------------+-------------|-------------+-------------|-------------+-------------|
|                               |             |   Direct    | Derivative  |   Direct    | Derivative  |   Direct    | Derivative  |
+-------------------------------+-------------+-------------+-------------+-------------+-------------+-------------+-------------+
|TS_adcmkid1_DRDY_I_p           |      3.636ns|      3.000ns|      2.222ns|            0|            0|            0|            0|
| TS_chan_550_clean_adc_mkid_cha|      3.636ns|      2.222ns|          N/A|            0|            0|            0|            0|
| n_550_clean_adc_mkid_dcm_clk  |             |             |             |             |             |             |             |
+-------------------------------+-------------+-------------+-------------+-------------+-------------+-------------+-------------+

Derived Constraints for TS_adcmkid1_DRDY_I_n
+-------------------------------+-------------+-------------+-------------+-------------+-------------+-------------+-------------+
|                               |   Period    |       Actual Period       |      Timing Errors        |      Paths Analyzed       |
|           Constraint          | Requirement |-------------+-------------|-------------+-------------|-------------+-------------|
|                               |             |   Direct    | Derivative  |   Direct    | Derivative  |   Direct    | Derivative  |
+-------------------------------+-------------+-------------+-------------+-------------+-------------+-------------+-------------+
|TS_adcmkid1_DRDY_I_n           |      3.636ns|      3.000ns|      2.222ns|            0|            0|            0|            0|
| TS_chan_550_clean_adc_mkid_cha|      3.636ns|      2.222ns|          N/A|            0|            0|            0|            0|
| n_550_clean_adc_mkid_dcm_clk_0|             |             |             |             |             |             |             |
+-------------------------------+-------------+-------------+-------------+-------------+-------------+-------------+-------------+

1 constraint not met.
WARNING:Timing - DCM chan_550_clean_adc_mkid/chan_550_clean_adc_mkid/CLK_DCM 
   does not have a CLKIN_PERIOD attribute (the period of the DCM input 
   clock).DCM jitter will not be included in timing analysis when this 
   attribute is not defined. For more information, please refer to the 
   appropriate architectural handbook


Data Sheet report:
-----------------
All values displayed in nanoseconds (ns)

Clock to Setup on destination clock adcmkid1_DRDY_I_n
-----------------+---------+---------+---------+---------+
                 | Src:Rise| Src:Fall| Src:Rise| Src:Fall|
Source Clock     |Dest:Rise|Dest:Rise|Dest:Fall|Dest:Fall|
-----------------+---------+---------+---------+---------+
adcmkid1_DRDY_I_n|    3.611|         |         |         |
adcmkid1_DRDY_I_p|    3.611|         |         |         |
-----------------+---------+---------+---------+---------+

Clock to Setup on destination clock adcmkid1_DRDY_I_p
-----------------+---------+---------+---------+---------+
                 | Src:Rise| Src:Fall| Src:Rise| Src:Fall|
Source Clock     |Dest:Rise|Dest:Rise|Dest:Fall|Dest:Fall|
-----------------+---------+---------+---------+---------+
adcmkid1_DRDY_I_n|    3.611|         |         |         |
adcmkid1_DRDY_I_p|    3.611|         |         |         |
-----------------+---------+---------+---------+---------+

Clock to Setup on destination clock dly_clk_n
---------------+---------+---------+---------+---------+
               | Src:Rise| Src:Fall| Src:Rise| Src:Fall|
Source Clock   |Dest:Rise|Dest:Rise|Dest:Fall|Dest:Fall|
---------------+---------+---------+---------+---------+
dly_clk_n      |    6.558|    1.571|    2.339|    3.155|
dly_clk_p      |    6.558|    1.571|    2.339|    3.155|
---------------+---------+---------+---------+---------+

Clock to Setup on destination clock dly_clk_p
---------------+---------+---------+---------+---------+
               | Src:Rise| Src:Fall| Src:Rise| Src:Fall|
Source Clock   |Dest:Rise|Dest:Rise|Dest:Fall|Dest:Fall|
---------------+---------+---------+---------+---------+
dly_clk_n      |    6.558|    1.571|    2.339|    3.155|
dly_clk_p      |    6.558|    1.571|    2.339|    3.155|
---------------+---------+---------+---------+---------+

Clock to Setup on destination clock epb_clk_in
---------------+---------+---------+---------+---------+
               | Src:Rise| Src:Fall| Src:Rise| Src:Fall|
Source Clock   |Dest:Rise|Dest:Rise|Dest:Fall|Dest:Fall|
---------------+---------+---------+---------+---------+
epb_clk_in     |   11.293|         |    3.583|         |
---------------+---------+---------+---------+---------+


Timing summary:
---------------

Timing errors: 2  Score: 79  (Setup/Max: 79, Hold: 0)

Constraints cover 540791 paths, 1 nets, and 124313 connections

Design statistics:
   Minimum period:  11.293ns   (Maximum frequency:  88.550MHz)
   Maximum path delay from/to any node:   6.009ns
   Maximum net delay:   2.426ns


Analysis completed Fri Jul 27 18:57:42 2012 
--------------------------------------------------------------------------------

Trace Settings:
-------------------------
Trace Settings 

Peak Memory Usage: 1714 MB

Total REAL time to Trace completion: 1 mins 58 secs 
Total CPU time to Trace completion: 1 mins 58 secs 



