AR negedge_entity_c3395d4ee4 structural /home/sean/SDR/Firmware/projects/timestamper/sysgen/timestamper.vhd sub00/vhpl81 1343060261
PB conv_pkg conv_pkg /home/sean/SDR/Firmware/projects/timestamper/sysgen/timestamper.vhd sub00/vhpl09 1343060189
EN addr_entity_86c2b6771b NULL /home/sean/SDR/Firmware/projects/timestamper/sysgen/timestamper.vhd sub00/vhpl84 1343060264
EN delay_a5c036284d NULL /home/sean/SDR/Firmware/projects/timestamper/sysgen/timestamper.vhd sub00/vhpl36 1343060216
AR inverter_e5b38cca3b behavior /home/sean/SDR/Firmware/projects/timestamper/sysgen/timestamper.vhd sub00/vhpl49 1343060229
AR xlregister behavior /home/sean/SDR/Firmware/projects/timestamper/sysgen/timestamper.vhd sub00/vhpl21 1343060201
AR mux_fd01d62b53 behavior /home/sean/SDR/Firmware/projects/timestamper/sysgen/timestamper.vhd sub00/vhpl69 1343060249
AR xldelay behavior /home/sean/SDR/Firmware/projects/timestamper/sysgen/timestamper.vhd sub00/vhpl47 1343060227
AR bram0_entity_1b1454236a structural /home/sean/SDR/Firmware/projects/timestamper/sysgen/timestamper.vhd sub00/vhpl87 1343060267
EN cntr_11_0_18bbeb067aa07bfe NULL /home/sean/SDR/Firmware/projects/timestamper/sysgen/timestamper.vhd sub00/vhpl04 1343060184
AR relational_770e12e4ab behavior /home/sean/SDR/Firmware/projects/timestamper/sysgen/timestamper.vhd sub00/vhpl73 1343060253
AR delay_672d2b8d1e behavior /home/sean/SDR/Firmware/projects/timestamper/sysgen/timestamper.vhd sub00/vhpl63 1343060243
EN xldelay NULL /home/sean/SDR/Firmware/projects/timestamper/sysgen/timestamper.vhd sub00/vhpl46 1343060226
EN convert_func_call NULL /home/sean/SDR/Firmware/projects/timestamper/sysgen/timestamper.vhd sub00/vhpl52 1343060232
AR timestamper_cw structural /home/sean/SDR/Firmware/projects/timestamper/sysgen/timestamper_cw.vhd sub01/vhpl103 1343060283
AR pipeline1_entity_672f137dfe structural /home/sean/SDR/Firmware/projects/timestamper/sysgen/timestamper.vhd sub00/vhpl89 1343060269
AR cntr_11_0_18bbeb067aa07bfe cntr_11_0_18bbeb067aa07bfe_a /home/sean/SDR/Firmware/projects/timestamper/sysgen/timestamper.vhd sub00/vhpl05 1343060185
AR default_clock_driver structural /home/sean/SDR/Firmware/projects/timestamper/sysgen/timestamper_cw.vhd sub01/vhpl101 1343060281
AR delay_9f02caa990 behavior /home/sean/SDR/Firmware/projects/timestamper/sysgen/timestamper.vhd sub00/vhpl31 1343060211
AR logical_80f90b97d0 behavior /home/sean/SDR/Firmware/projects/timestamper/sysgen/timestamper.vhd sub00/vhpl51 1343060231
EN delay_87cc993d41 NULL /home/sean/SDR/Firmware/projects/timestamper/sysgen/timestamper.vhd sub00/vhpl34 1343060214
AR constant_c6372293dc behavior /home/sean/SDR/Firmware/projects/timestamper/sysgen/timestamper.vhd sub00/vhpl27 1343060207
EN delay_e2d047c154 NULL /home/sean/SDR/Firmware/projects/timestamper/sysgen/timestamper.vhd sub00/vhpl60 1343060240
AR pulses_entity_7390d2234e structural /home/sean/SDR/Firmware/projects/timestamper/sysgen/timestamper.vhd sub00/vhpl93 1343060273
AR timestamper structural /home/sean/SDR/Firmware/projects/timestamper/sysgen/timestamper.vhd sub00/vhpl97 1343060277
AR convert_func_call behavior /home/sean/SDR/Firmware/projects/timestamper/sysgen/timestamper.vhd sub00/vhpl53 1343060233
EN constant_e4fc66a735 NULL /home/sean/SDR/Firmware/projects/timestamper/sysgen/timestamper.vhd sub00/vhpl24 1343060204
EN posedge_entity_afeb600db0 NULL /home/sean/SDR/Firmware/projects/timestamper/sysgen/timestamper.vhd sub00/vhpl82 1343060262
EN constant_c6372293dc NULL /home/sean/SDR/Firmware/projects/timestamper/sysgen/timestamper.vhd sub00/vhpl26 1343060206
EN xlcounter_free NULL /home/sean/SDR/Firmware/projects/timestamper/sysgen/timestamper.vhd sub00/vhpl40 1343060220
EN negedge_entity_c3395d4ee4 NULL /home/sean/SDR/Firmware/projects/timestamper/sysgen/timestamper.vhd sub00/vhpl80 1343060260
AR delay_e2d047c154 behavior /home/sean/SDR/Firmware/projects/timestamper/sysgen/timestamper.vhd sub00/vhpl61 1343060241
AR constant_6293007044 behavior /home/sean/SDR/Firmware/projects/timestamper/sysgen/timestamper.vhd sub00/vhpl59 1343060239
EN capture_entity_f86145b86f NULL /home/sean/SDR/Firmware/projects/timestamper/sysgen/timestamper.vhd sub00/vhpl78 1343060258
EN seconds_entity_5ab98a6a0e NULL /home/sean/SDR/Firmware/projects/timestamper/sysgen/timestamper.vhd sub00/vhpl94 1343060274
EN single_reg_w_init NULL /home/sean/SDR/Firmware/projects/timestamper/sysgen/timestamper.vhd sub00/vhpl16 1343060196
AR srl17e structural /home/sean/SDR/Firmware/projects/timestamper/sysgen/timestamper.vhd sub00/vhpl11 1343060191
EN pulses_entity_7390d2234e NULL /home/sean/SDR/Firmware/projects/timestamper/sysgen/timestamper.vhd sub00/vhpl92 1343060272
EN constant_37567836aa NULL /home/sean/SDR/Firmware/projects/timestamper/sysgen/timestamper.vhd sub00/vhpl70 1343060250
PH conv_pkg NULL /home/sean/SDR/Firmware/projects/timestamper/sysgen/timestamper.vhd sub00/vhpl08 1343060188
AR xlcounter_free behavior /home/sean/SDR/Firmware/projects/timestamper/sysgen/timestamper.vhd sub00/vhpl41 1343060221
EN relational_770e12e4ab NULL /home/sean/SDR/Firmware/projects/timestamper/sysgen/timestamper.vhd sub00/vhpl72 1343060252
EN srl17e NULL /home/sean/SDR/Firmware/projects/timestamper/sysgen/timestamper.vhd sub00/vhpl10 1343060190
EN mux_1e22c21d05 NULL /home/sean/SDR/Firmware/projects/timestamper/sysgen/timestamper.vhd sub00/vhpl66 1343060246
AR logical_799f62af22 behavior /home/sean/SDR/Firmware/projects/timestamper/sysgen/timestamper.vhd sub00/vhpl65 1343060245
AR single_reg_w_init structural /home/sean/SDR/Firmware/projects/timestamper/sysgen/timestamper.vhd sub00/vhpl17 1343060197
AR constant_17eda58ae4 behavior /home/sean/SDR/Firmware/projects/timestamper/sysgen/timestamper.vhd sub00/vhpl57 1343060237
EN pipeline1_entity_672f137dfe NULL /home/sean/SDR/Firmware/projects/timestamper/sysgen/timestamper.vhd sub00/vhpl88 1343060268
EN concat_bff132f7f1 NULL /home/sean/SDR/Firmware/projects/timestamper/sysgen/timestamper.vhd sub00/vhpl22 1343060202
EN logical_799f62af22 NULL /home/sean/SDR/Firmware/projects/timestamper/sysgen/timestamper.vhd sub00/vhpl64 1343060244
AR seconds_entity_5ab98a6a0e structural /home/sean/SDR/Firmware/projects/timestamper/sysgen/timestamper.vhd sub00/vhpl95 1343060275
EN constant_6293007044 NULL /home/sean/SDR/Firmware/projects/timestamper/sysgen/timestamper.vhd sub00/vhpl58 1343060238
AR cntr_11_0_f52338cfe462aa75 cntr_11_0_f52338cfe462aa75_a /home/sean/SDR/Firmware/projects/timestamper/sysgen/timestamper.vhd sub00/vhpl07 1343060187
AR constant_7c91b1b314 behavior /home/sean/SDR/Firmware/projects/timestamper/sysgen/timestamper.vhd sub00/vhpl29 1343060209
EN synth_reg_w_init NULL /home/sean/SDR/Firmware/projects/timestamper/sysgen/timestamper.vhd sub00/vhpl18 1343060198
EN bram0_entity_1b1454236a NULL /home/sean/SDR/Firmware/projects/timestamper/sysgen/timestamper.vhd sub00/vhpl86 1343060266
EN delay_672d2b8d1e NULL /home/sean/SDR/Firmware/projects/timestamper/sysgen/timestamper.vhd sub00/vhpl62 1343060242
EN cntr_11_0_82b9fd0243bf8494 NULL /home/sean/SDR/Firmware/projects/timestamper/sysgen/timestamper.vhd sub00/vhpl02 1343060182
EN cntr_11_0_b40c42d5e24bb86a NULL /home/sean/SDR/Firmware/projects/timestamper/sysgen/timestamper.vhd sub00/vhpl00 1343060180
EN timestamper_cw NULL /home/sean/SDR/Firmware/projects/timestamper/sysgen/timestamper_cw.vhd sub01/vhpl102 1343060282
AR synth_reg structural /home/sean/SDR/Firmware/projects/timestamper/sysgen/timestamper.vhd sub00/vhpl13 1343060193
AR synth_reg_reg behav /home/sean/SDR/Firmware/projects/timestamper/sysgen/timestamper.vhd sub00/vhpl15 1343060195
EN constant_7c91b1b314 NULL /home/sean/SDR/Firmware/projects/timestamper/sysgen/timestamper.vhd sub00/vhpl28 1343060208
EN adc_mkid_entity_802cdbfdbd NULL /home/sean/SDR/Firmware/projects/timestamper/sysgen/timestamper.vhd sub00/vhpl76 1343060256
AR xlclockdriver behavior /home/sean/SDR/Firmware/projects/timestamper/sysgen/timestamper_cw.vhd sub00/vhpl99 1343060279
AR xlconvert behavior /home/sean/SDR/Firmware/projects/timestamper/sysgen/timestamper.vhd sub00/vhpl55 1343060235
AR delay_ebec135d8a behavior /home/sean/SDR/Firmware/projects/timestamper/sysgen/timestamper.vhd sub00/vhpl33 1343060213
AR xlslice behavior /home/sean/SDR/Firmware/projects/timestamper/sysgen/timestamper.vhd sub00/vhpl45 1343060225
EN synth_reg NULL /home/sean/SDR/Firmware/projects/timestamper/sysgen/timestamper.vhd sub00/vhpl12 1343060192
EN xlclockdriver NULL /home/sean/SDR/Firmware/projects/timestamper/sysgen/timestamper_cw.vhd sub00/vhpl98 1343060278
AR reinterpret_a106f99236 behavior /home/sean/SDR/Firmware/projects/timestamper/sysgen/timestamper.vhd sub00/vhpl43 1343060223
EN inverter_e5b38cca3b NULL /home/sean/SDR/Firmware/projects/timestamper/sysgen/timestamper.vhd sub00/vhpl48 1343060228
EN pipeline8_entity_792aeffb65 NULL /home/sean/SDR/Firmware/projects/timestamper/sysgen/timestamper.vhd sub00/vhpl74 1343060254
EN reinterpret_a106f99236 NULL /home/sean/SDR/Firmware/projects/timestamper/sysgen/timestamper.vhd sub00/vhpl42 1343060222
EN xlconvert NULL /home/sean/SDR/Firmware/projects/timestamper/sysgen/timestamper.vhd sub00/vhpl54 1343060234
AR mux_1e22c21d05 behavior /home/sean/SDR/Firmware/projects/timestamper/sysgen/timestamper.vhd sub00/vhpl67 1343060247
EN logical_80f90b97d0 NULL /home/sean/SDR/Firmware/projects/timestamper/sysgen/timestamper.vhd sub00/vhpl50 1343060230
AR xlcounter_limit behavior /home/sean/SDR/Firmware/projects/timestamper/sysgen/timestamper.vhd sub00/vhpl39 1343060219
AR delay_a5c036284d behavior /home/sean/SDR/Firmware/projects/timestamper/sysgen/timestamper.vhd sub00/vhpl37 1343060217
EN delay_ebec135d8a NULL /home/sean/SDR/Firmware/projects/timestamper/sysgen/timestamper.vhd sub00/vhpl32 1343060212
EN xlslice NULL /home/sean/SDR/Firmware/projects/timestamper/sysgen/timestamper.vhd sub00/vhpl44 1343060224
AR constant_37567836aa behavior /home/sean/SDR/Firmware/projects/timestamper/sysgen/timestamper.vhd sub00/vhpl71 1343060251
EN timestamper NULL /home/sean/SDR/Firmware/projects/timestamper/sysgen/timestamper.vhd sub00/vhpl96 1343060276
AR posedge_entity_afeb600db0 structural /home/sean/SDR/Firmware/projects/timestamper/sysgen/timestamper.vhd sub00/vhpl83 1343060263
AR adc_mkid_entity_802cdbfdbd structural /home/sean/SDR/Firmware/projects/timestamper/sysgen/timestamper.vhd sub00/vhpl77 1343060257
AR constant_e4fc66a735 behavior /home/sean/SDR/Firmware/projects/timestamper/sysgen/timestamper.vhd sub00/vhpl25 1343060205
EN delay_9f02caa990 NULL /home/sean/SDR/Firmware/projects/timestamper/sysgen/timestamper.vhd sub00/vhpl30 1343060210
AR delay_87cc993d41 behavior /home/sean/SDR/Firmware/projects/timestamper/sysgen/timestamper.vhd sub00/vhpl35 1343060215
EN cntr_11_0_f52338cfe462aa75 NULL /home/sean/SDR/Firmware/projects/timestamper/sysgen/timestamper.vhd sub00/vhpl06 1343060186
EN default_clock_driver NULL /home/sean/SDR/Firmware/projects/timestamper/sysgen/timestamper_cw.vhd sub01/vhpl100 1343060280
AR capture_entity_f86145b86f structural /home/sean/SDR/Firmware/projects/timestamper/sysgen/timestamper.vhd sub00/vhpl79 1343060259
EN pipeline2_entity_4c90476db6 NULL /home/sean/SDR/Firmware/projects/timestamper/sysgen/timestamper.vhd sub00/vhpl90 1343060270
AR concat_bff132f7f1 behavior /home/sean/SDR/Firmware/projects/timestamper/sysgen/timestamper.vhd sub00/vhpl23 1343060203
EN constant_17eda58ae4 NULL /home/sean/SDR/Firmware/projects/timestamper/sysgen/timestamper.vhd sub00/vhpl56 1343060236
EN synth_reg_reg NULL /home/sean/SDR/Firmware/projects/timestamper/sysgen/timestamper.vhd sub00/vhpl14 1343060194
AR synth_reg_w_init structural /home/sean/SDR/Firmware/projects/timestamper/sysgen/timestamper.vhd sub00/vhpl19 1343060199
AR cntr_11_0_b40c42d5e24bb86a cntr_11_0_b40c42d5e24bb86a_a /home/sean/SDR/Firmware/projects/timestamper/sysgen/timestamper.vhd sub00/vhpl01 1343060181
AR cntr_11_0_82b9fd0243bf8494 cntr_11_0_82b9fd0243bf8494_a /home/sean/SDR/Firmware/projects/timestamper/sysgen/timestamper.vhd sub00/vhpl03 1343060183
EN xlcounter_limit NULL /home/sean/SDR/Firmware/projects/timestamper/sysgen/timestamper.vhd sub00/vhpl38 1343060218
AR pipeline8_entity_792aeffb65 structural /home/sean/SDR/Firmware/projects/timestamper/sysgen/timestamper.vhd sub00/vhpl75 1343060255
AR pipeline2_entity_4c90476db6 structural /home/sean/SDR/Firmware/projects/timestamper/sysgen/timestamper.vhd sub00/vhpl91 1343060271
AR addr_entity_86c2b6771b structural /home/sean/SDR/Firmware/projects/timestamper/sysgen/timestamper.vhd sub00/vhpl85 1343060265
EN xlregister NULL /home/sean/SDR/Firmware/projects/timestamper/sysgen/timestamper.vhd sub00/vhpl20 1343060200
EN mux_fd01d62b53 NULL /home/sean/SDR/Firmware/projects/timestamper/sysgen/timestamper.vhd sub00/vhpl68 1343060248
