V3 162
FL /home/sean/SDR/Firmware/projects/timestamper/sysgen/timestamper.vhd 2012/07/19.16:33:11 L.33
EN work/cntr_11_0_b40c42d5e24bb86a 1343060180 \
      FL /home/sean/SDR/Firmware/projects/timestamper/sysgen/timestamper.vhd \
      PB ieee/std_logic_1164 1258431800
AR work/cntr_11_0_b40c42d5e24bb86a/cntr_11_0_b40c42d5e24bb86a_a 1343060181 \
      FL /home/sean/SDR/Firmware/projects/timestamper/sysgen/timestamper.vhd \
      EN work/cntr_11_0_b40c42d5e24bb86a 1343060180
EN work/cntr_11_0_82b9fd0243bf8494 1343060182 \
      FL /home/sean/SDR/Firmware/projects/timestamper/sysgen/timestamper.vhd \
      PB ieee/std_logic_1164 1258431800
AR work/cntr_11_0_82b9fd0243bf8494/cntr_11_0_82b9fd0243bf8494_a 1343060183 \
      FL /home/sean/SDR/Firmware/projects/timestamper/sysgen/timestamper.vhd \
      EN work/cntr_11_0_82b9fd0243bf8494 1343060182
EN work/cntr_11_0_18bbeb067aa07bfe 1343060184 \
      FL /home/sean/SDR/Firmware/projects/timestamper/sysgen/timestamper.vhd \
      PB ieee/std_logic_1164 1258431800
AR work/cntr_11_0_18bbeb067aa07bfe/cntr_11_0_18bbeb067aa07bfe_a 1343060185 \
      FL /home/sean/SDR/Firmware/projects/timestamper/sysgen/timestamper.vhd \
      EN work/cntr_11_0_18bbeb067aa07bfe 1343060184
EN work/cntr_11_0_f52338cfe462aa75 1343060186 \
      FL /home/sean/SDR/Firmware/projects/timestamper/sysgen/timestamper.vhd \
      PB ieee/std_logic_1164 1258431800
AR work/cntr_11_0_f52338cfe462aa75/cntr_11_0_f52338cfe462aa75_a 1343060187 \
      FL /home/sean/SDR/Firmware/projects/timestamper/sysgen/timestamper.vhd \
      EN work/cntr_11_0_f52338cfe462aa75 1343060186
PH work/conv_pkg 1343060188 \
      FL /home/sean/SDR/Firmware/projects/timestamper/sysgen/timestamper.vhd \
      PB ieee/std_logic_1164 1258431800 PB ieee/NUMERIC_STD 1258431801
PB work/conv_pkg 1343060189 \
      FL /home/sean/SDR/Firmware/projects/timestamper/sysgen/timestamper.vhd \
      PH work/conv_pkg 1343060188
EN work/srl17e 1343060190 \
      FL /home/sean/SDR/Firmware/projects/timestamper/sysgen/timestamper.vhd \
      PB ieee/std_logic_1164 1258431800 PB work/conv_pkg 1343060189
AR work/srl17e/structural 1343060191 \
      FL /home/sean/SDR/Firmware/projects/timestamper/sysgen/timestamper.vhd \
      EN work/srl17e 1343060190 CP srl16e CP fde
EN work/synth_reg 1343060192 \
      FL /home/sean/SDR/Firmware/projects/timestamper/sysgen/timestamper.vhd \
      PB ieee/std_logic_1164 1258431800 PB work/conv_pkg 1343060189
AR work/synth_reg/structural 1343060193 \
      FL /home/sean/SDR/Firmware/projects/timestamper/sysgen/timestamper.vhd \
      EN work/synth_reg 1343060192 CP srl17e
EN work/synth_reg_reg 1343060194 \
      FL /home/sean/SDR/Firmware/projects/timestamper/sysgen/timestamper.vhd \
      PB ieee/std_logic_1164 1258431800 PB work/conv_pkg 1343060189
AR work/synth_reg_reg/behav 1343060195 \
      FL /home/sean/SDR/Firmware/projects/timestamper/sysgen/timestamper.vhd \
      EN work/synth_reg_reg 1343060194
EN work/single_reg_w_init 1343060196 \
      FL /home/sean/SDR/Firmware/projects/timestamper/sysgen/timestamper.vhd \
      PB ieee/std_logic_1164 1258431800 PB work/conv_pkg 1343060189
AR work/single_reg_w_init/structural 1343060197 \
      FL /home/sean/SDR/Firmware/projects/timestamper/sysgen/timestamper.vhd \
      EN work/single_reg_w_init 1343060196 CP fdre CP fdse
EN work/synth_reg_w_init 1343060198 \
      FL /home/sean/SDR/Firmware/projects/timestamper/sysgen/timestamper.vhd \
      PB ieee/std_logic_1164 1258431800 PB work/conv_pkg 1343060189
AR work/synth_reg_w_init/structural 1343060199 \
      FL /home/sean/SDR/Firmware/projects/timestamper/sysgen/timestamper.vhd \
      EN work/synth_reg_w_init 1343060198 CP single_reg_w_init
EN work/xlregister 1343060200 \
      FL /home/sean/SDR/Firmware/projects/timestamper/sysgen/timestamper.vhd \
      PB ieee/std_logic_1164 1258431800 PB work/conv_pkg 1343060189
AR work/xlregister/behavior 1343060201 \
      FL /home/sean/SDR/Firmware/projects/timestamper/sysgen/timestamper.vhd \
      EN work/xlregister 1343060200 CP synth_reg_w_init
EN work/concat_bff132f7f1 1343060202 \
      FL /home/sean/SDR/Firmware/projects/timestamper/sysgen/timestamper.vhd \
      PB ieee/std_logic_1164 1258431800 PB ieee/NUMERIC_STD 1258431801 \
      PB work/conv_pkg 1343060189
AR work/concat_bff132f7f1/behavior 1343060203 \
      FL /home/sean/SDR/Firmware/projects/timestamper/sysgen/timestamper.vhd \
      EN work/concat_bff132f7f1 1343060202
EN work/constant_e4fc66a735 1343060204 \
      FL /home/sean/SDR/Firmware/projects/timestamper/sysgen/timestamper.vhd \
      PB ieee/std_logic_1164 1258431800 PB ieee/NUMERIC_STD 1258431801 \
      PB work/conv_pkg 1343060189
AR work/constant_e4fc66a735/behavior 1343060205 \
      FL /home/sean/SDR/Firmware/projects/timestamper/sysgen/timestamper.vhd \
      EN work/constant_e4fc66a735 1343060204
EN work/constant_c6372293dc 1343060206 \
      FL /home/sean/SDR/Firmware/projects/timestamper/sysgen/timestamper.vhd \
      PB ieee/std_logic_1164 1258431800 PB ieee/NUMERIC_STD 1258431801 \
      PB work/conv_pkg 1343060189
AR work/constant_c6372293dc/behavior 1343060207 \
      FL /home/sean/SDR/Firmware/projects/timestamper/sysgen/timestamper.vhd \
      EN work/constant_c6372293dc 1343060206
EN work/constant_7c91b1b314 1343060208 \
      FL /home/sean/SDR/Firmware/projects/timestamper/sysgen/timestamper.vhd \
      PB ieee/std_logic_1164 1258431800 PB ieee/NUMERIC_STD 1258431801 \
      PB work/conv_pkg 1343060189
AR work/constant_7c91b1b314/behavior 1343060209 \
      FL /home/sean/SDR/Firmware/projects/timestamper/sysgen/timestamper.vhd \
      EN work/constant_7c91b1b314 1343060208
EN work/delay_9f02caa990 1343060210 \
      FL /home/sean/SDR/Firmware/projects/timestamper/sysgen/timestamper.vhd \
      PB ieee/std_logic_1164 1258431800 PB ieee/NUMERIC_STD 1258431801 \
      PB work/conv_pkg 1343060189
AR work/delay_9f02caa990/behavior 1343060211 \
      FL /home/sean/SDR/Firmware/projects/timestamper/sysgen/timestamper.vhd \
      EN work/delay_9f02caa990 1343060210
EN work/delay_ebec135d8a 1343060212 \
      FL /home/sean/SDR/Firmware/projects/timestamper/sysgen/timestamper.vhd \
      PB ieee/std_logic_1164 1258431800 PB ieee/NUMERIC_STD 1258431801 \
      PB work/conv_pkg 1343060189
AR work/delay_ebec135d8a/behavior 1343060213 \
      FL /home/sean/SDR/Firmware/projects/timestamper/sysgen/timestamper.vhd \
      EN work/delay_ebec135d8a 1343060212
EN work/delay_87cc993d41 1343060214 \
      FL /home/sean/SDR/Firmware/projects/timestamper/sysgen/timestamper.vhd \
      PB ieee/std_logic_1164 1258431800 PB ieee/NUMERIC_STD 1258431801 \
      PB work/conv_pkg 1343060189
AR work/delay_87cc993d41/behavior 1343060215 \
      FL /home/sean/SDR/Firmware/projects/timestamper/sysgen/timestamper.vhd \
      EN work/delay_87cc993d41 1343060214
EN work/delay_a5c036284d 1343060216 \
      FL /home/sean/SDR/Firmware/projects/timestamper/sysgen/timestamper.vhd \
      PB ieee/std_logic_1164 1258431800 PB ieee/NUMERIC_STD 1258431801 \
      PB work/conv_pkg 1343060189
AR work/delay_a5c036284d/behavior 1343060217 \
      FL /home/sean/SDR/Firmware/projects/timestamper/sysgen/timestamper.vhd \
      EN work/delay_a5c036284d 1343060216
EN work/xlcounter_limit 1343060218 \
      FL /home/sean/SDR/Firmware/projects/timestamper/sysgen/timestamper.vhd \
      PB ieee/std_logic_1164 1258431800 PB ieee/NUMERIC_STD 1258431801 \
      PB work/conv_pkg 1343060189
AR work/xlcounter_limit/behavior 1343060219 \
      FL /home/sean/SDR/Firmware/projects/timestamper/sysgen/timestamper.vhd \
      EN work/xlcounter_limit 1343060218 CP cntr_11_0_b40c42d5e24bb86a \
      CP cntr_11_0_f52338cfe462aa75
EN work/xlcounter_free 1343060220 \
      FL /home/sean/SDR/Firmware/projects/timestamper/sysgen/timestamper.vhd \
      PB ieee/std_logic_1164 1258431800 PB work/conv_pkg 1343060189
AR work/xlcounter_free/behavior 1343060221 \
      FL /home/sean/SDR/Firmware/projects/timestamper/sysgen/timestamper.vhd \
      EN work/xlcounter_free 1343060220 CP cntr_11_0_18bbeb067aa07bfe \
      CP cntr_11_0_82b9fd0243bf8494 CP cntr_11_0_f52338cfe462aa75
EN work/reinterpret_a106f99236 1343060222 \
      FL /home/sean/SDR/Firmware/projects/timestamper/sysgen/timestamper.vhd \
      PB ieee/std_logic_1164 1258431800 PB ieee/NUMERIC_STD 1258431801 \
      PB work/conv_pkg 1343060189
AR work/reinterpret_a106f99236/behavior 1343060223 \
      FL /home/sean/SDR/Firmware/projects/timestamper/sysgen/timestamper.vhd \
      EN work/reinterpret_a106f99236 1343060222
EN work/xlslice 1343060224 \
      FL /home/sean/SDR/Firmware/projects/timestamper/sysgen/timestamper.vhd \
      PB ieee/std_logic_1164 1258431800 PB ieee/std_logic_arith 1258431801 \
      PB work/conv_pkg 1343060189
AR work/xlslice/behavior 1343060225 \
      FL /home/sean/SDR/Firmware/projects/timestamper/sysgen/timestamper.vhd \
      EN work/xlslice 1343060224
EN work/xldelay 1343060226 \
      FL /home/sean/SDR/Firmware/projects/timestamper/sysgen/timestamper.vhd \
      PB ieee/std_logic_1164 1258431800 PB work/conv_pkg 1343060189
AR work/xldelay/behavior 1343060227 \
      FL /home/sean/SDR/Firmware/projects/timestamper/sysgen/timestamper.vhd \
      EN work/xldelay 1343060226 CP synth_reg CP synth_reg_reg
EN work/inverter_e5b38cca3b 1343060228 \
      FL /home/sean/SDR/Firmware/projects/timestamper/sysgen/timestamper.vhd \
      PB ieee/std_logic_1164 1258431800 PB ieee/NUMERIC_STD 1258431801 \
      PB work/conv_pkg 1343060189
AR work/inverter_e5b38cca3b/behavior 1343060229 \
      FL /home/sean/SDR/Firmware/projects/timestamper/sysgen/timestamper.vhd \
      EN work/inverter_e5b38cca3b 1343060228
EN work/logical_80f90b97d0 1343060230 \
      FL /home/sean/SDR/Firmware/projects/timestamper/sysgen/timestamper.vhd \
      PB ieee/std_logic_1164 1258431800 PB ieee/NUMERIC_STD 1258431801 \
      PB work/conv_pkg 1343060189
AR work/logical_80f90b97d0/behavior 1343060231 \
      FL /home/sean/SDR/Firmware/projects/timestamper/sysgen/timestamper.vhd \
      EN work/logical_80f90b97d0 1343060230
EN work/convert_func_call 1343060232 \
      FL /home/sean/SDR/Firmware/projects/timestamper/sysgen/timestamper.vhd \
      PB ieee/std_logic_1164 1258431800 PB work/conv_pkg 1343060189
AR work/convert_func_call/behavior 1343060233 \
      FL /home/sean/SDR/Firmware/projects/timestamper/sysgen/timestamper.vhd \
      EN work/convert_func_call 1343060232
EN work/xlconvert 1343060234 \
      FL /home/sean/SDR/Firmware/projects/timestamper/sysgen/timestamper.vhd \
      PB ieee/std_logic_1164 1258431800 PB work/conv_pkg 1343060189
AR work/xlconvert/behavior 1343060235 \
      FL /home/sean/SDR/Firmware/projects/timestamper/sysgen/timestamper.vhd \
      EN work/xlconvert 1343060234 CP convert_func_call CP synth_reg
EN work/constant_17eda58ae4 1343060236 \
      FL /home/sean/SDR/Firmware/projects/timestamper/sysgen/timestamper.vhd \
      PB ieee/std_logic_1164 1258431800 PB ieee/NUMERIC_STD 1258431801 \
      PB work/conv_pkg 1343060189
AR work/constant_17eda58ae4/behavior 1343060237 \
      FL /home/sean/SDR/Firmware/projects/timestamper/sysgen/timestamper.vhd \
      EN work/constant_17eda58ae4 1343060236
EN work/constant_6293007044 1343060238 \
      FL /home/sean/SDR/Firmware/projects/timestamper/sysgen/timestamper.vhd \
      PB ieee/std_logic_1164 1258431800 PB ieee/NUMERIC_STD 1258431801 \
      PB work/conv_pkg 1343060189
AR work/constant_6293007044/behavior 1343060239 \
      FL /home/sean/SDR/Firmware/projects/timestamper/sysgen/timestamper.vhd \
      EN work/constant_6293007044 1343060238
EN work/delay_e2d047c154 1343060240 \
      FL /home/sean/SDR/Firmware/projects/timestamper/sysgen/timestamper.vhd \
      PB ieee/std_logic_1164 1258431800 PB ieee/NUMERIC_STD 1258431801 \
      PB work/conv_pkg 1343060189
AR work/delay_e2d047c154/behavior 1343060241 \
      FL /home/sean/SDR/Firmware/projects/timestamper/sysgen/timestamper.vhd \
      EN work/delay_e2d047c154 1343060240
EN work/delay_672d2b8d1e 1343060242 \
      FL /home/sean/SDR/Firmware/projects/timestamper/sysgen/timestamper.vhd \
      PB ieee/std_logic_1164 1258431800 PB ieee/NUMERIC_STD 1258431801 \
      PB work/conv_pkg 1343060189
AR work/delay_672d2b8d1e/behavior 1343060243 \
      FL /home/sean/SDR/Firmware/projects/timestamper/sysgen/timestamper.vhd \
      EN work/delay_672d2b8d1e 1343060242
EN work/logical_799f62af22 1343060244 \
      FL /home/sean/SDR/Firmware/projects/timestamper/sysgen/timestamper.vhd \
      PB ieee/std_logic_1164 1258431800 PB ieee/NUMERIC_STD 1258431801 \
      PB work/conv_pkg 1343060189
AR work/logical_799f62af22/behavior 1343060245 \
      FL /home/sean/SDR/Firmware/projects/timestamper/sysgen/timestamper.vhd \
      EN work/logical_799f62af22 1343060244
EN work/mux_1e22c21d05 1343060246 \
      FL /home/sean/SDR/Firmware/projects/timestamper/sysgen/timestamper.vhd \
      PB ieee/std_logic_1164 1258431800 PB ieee/NUMERIC_STD 1258431801 \
      PB work/conv_pkg 1343060189
AR work/mux_1e22c21d05/behavior 1343060247 \
      FL /home/sean/SDR/Firmware/projects/timestamper/sysgen/timestamper.vhd \
      EN work/mux_1e22c21d05 1343060246
EN work/mux_fd01d62b53 1343060248 \
      FL /home/sean/SDR/Firmware/projects/timestamper/sysgen/timestamper.vhd \
      PB ieee/std_logic_1164 1258431800 PB ieee/NUMERIC_STD 1258431801 \
      PB work/conv_pkg 1343060189
AR work/mux_fd01d62b53/behavior 1343060249 \
      FL /home/sean/SDR/Firmware/projects/timestamper/sysgen/timestamper.vhd \
      EN work/mux_fd01d62b53 1343060248
EN work/constant_37567836aa 1343060250 \
      FL /home/sean/SDR/Firmware/projects/timestamper/sysgen/timestamper.vhd \
      PB ieee/std_logic_1164 1258431800 PB ieee/NUMERIC_STD 1258431801 \
      PB work/conv_pkg 1343060189
AR work/constant_37567836aa/behavior 1343060251 \
      FL /home/sean/SDR/Firmware/projects/timestamper/sysgen/timestamper.vhd \
      EN work/constant_37567836aa 1343060250
EN work/relational_770e12e4ab 1343060252 \
      FL /home/sean/SDR/Firmware/projects/timestamper/sysgen/timestamper.vhd \
      PB ieee/std_logic_1164 1258431800 PB ieee/NUMERIC_STD 1258431801 \
      PB work/conv_pkg 1343060189
AR work/relational_770e12e4ab/behavior 1343060253 \
      FL /home/sean/SDR/Firmware/projects/timestamper/sysgen/timestamper.vhd \
      EN work/relational_770e12e4ab 1343060252
EN work/pipeline8_entity_792aeffb65 1343060254 \
      FL /home/sean/SDR/Firmware/projects/timestamper/sysgen/timestamper.vhd \
      PB ieee/std_logic_1164 1258431800 PB work/conv_pkg 1343060189
AR work/pipeline8_entity_792aeffb65/structural 1343060255 \
      FL /home/sean/SDR/Firmware/projects/timestamper/sysgen/timestamper.vhd \
      EN work/pipeline8_entity_792aeffb65 1343060254 CP work/xlregister
EN work/adc_mkid_entity_802cdbfdbd 1343060256 \
      FL /home/sean/SDR/Firmware/projects/timestamper/sysgen/timestamper.vhd \
      PB ieee/std_logic_1164 1258431800 PB work/conv_pkg 1343060189
AR work/adc_mkid_entity_802cdbfdbd/structural 1343060257 \
      FL /home/sean/SDR/Firmware/projects/timestamper/sysgen/timestamper.vhd \
      EN work/adc_mkid_entity_802cdbfdbd 1343060256 \
      CP work/pipeline8_entity_792aeffb65
EN work/capture_entity_f86145b86f 1343060258 \
      FL /home/sean/SDR/Firmware/projects/timestamper/sysgen/timestamper.vhd \
      PB ieee/std_logic_1164 1258431800 PB work/conv_pkg 1343060189
AR work/capture_entity_f86145b86f/structural 1343060259 \
      FL /home/sean/SDR/Firmware/projects/timestamper/sysgen/timestamper.vhd \
      EN work/capture_entity_f86145b86f 1343060258 CP work/concat_bff132f7f1 \
      CP work/constant_e4fc66a735 CP work/constant_c6372293dc \
      CP work/constant_7c91b1b314 CP work/delay_9f02caa990 \
      CP work/delay_ebec135d8a CP work/delay_87cc993d41 CP work/delay_a5c036284d \
      CP work/xlcounter_limit CP work/xlcounter_free \
      CP work/reinterpret_a106f99236 CP work/xlslice
EN work/negedge_entity_c3395d4ee4 1343060260 \
      FL /home/sean/SDR/Firmware/projects/timestamper/sysgen/timestamper.vhd \
      PB ieee/std_logic_1164 1258431800 PB work/conv_pkg 1343060189
AR work/negedge_entity_c3395d4ee4/structural 1343060261 \
      FL /home/sean/SDR/Firmware/projects/timestamper/sysgen/timestamper.vhd \
      EN work/negedge_entity_c3395d4ee4 1343060260 CP work/xldelay \
      CP work/inverter_e5b38cca3b CP work/logical_80f90b97d0
EN work/posedge_entity_afeb600db0 1343060262 \
      FL /home/sean/SDR/Firmware/projects/timestamper/sysgen/timestamper.vhd \
      PB ieee/std_logic_1164 1258431800 PB work/conv_pkg 1343060189
AR work/posedge_entity_afeb600db0/structural 1343060263 \
      FL /home/sean/SDR/Firmware/projects/timestamper/sysgen/timestamper.vhd \
      EN work/posedge_entity_afeb600db0 1343060262 CP work/xldelay \
      CP work/inverter_e5b38cca3b CP work/logical_80f90b97d0
EN work/addr_entity_86c2b6771b 1343060264 \
      FL /home/sean/SDR/Firmware/projects/timestamper/sysgen/timestamper.vhd \
      PB ieee/std_logic_1164 1258431800 PB work/conv_pkg 1343060189
AR work/addr_entity_86c2b6771b/structural 1343060265 \
      FL /home/sean/SDR/Firmware/projects/timestamper/sysgen/timestamper.vhd \
      EN work/addr_entity_86c2b6771b 1343060264 CP work/xlconvert
EN work/bram0_entity_1b1454236a 1343060266 \
      FL /home/sean/SDR/Firmware/projects/timestamper/sysgen/timestamper.vhd \
      PB ieee/std_logic_1164 1258431800 PB work/conv_pkg 1343060189
AR work/bram0_entity_1b1454236a/structural 1343060267 \
      FL /home/sean/SDR/Firmware/projects/timestamper/sysgen/timestamper.vhd \
      EN work/bram0_entity_1b1454236a 1343060266 CP work/xlconvert
EN work/pipeline1_entity_672f137dfe 1343060268 \
      FL /home/sean/SDR/Firmware/projects/timestamper/sysgen/timestamper.vhd \
      PB ieee/std_logic_1164 1258431800 PB work/conv_pkg 1343060189
AR work/pipeline1_entity_672f137dfe/structural 1343060269 \
      FL /home/sean/SDR/Firmware/projects/timestamper/sysgen/timestamper.vhd \
      EN work/pipeline1_entity_672f137dfe 1343060268 CP work/xlregister
EN work/pipeline2_entity_4c90476db6 1343060270 \
      FL /home/sean/SDR/Firmware/projects/timestamper/sysgen/timestamper.vhd \
      PB ieee/std_logic_1164 1258431800 PB work/conv_pkg 1343060189
AR work/pipeline2_entity_4c90476db6/structural 1343060271 \
      FL /home/sean/SDR/Firmware/projects/timestamper/sysgen/timestamper.vhd \
      EN work/pipeline2_entity_4c90476db6 1343060270 CP work/xlregister
EN work/pulses_entity_7390d2234e 1343060272 \
      FL /home/sean/SDR/Firmware/projects/timestamper/sysgen/timestamper.vhd \
      PB ieee/std_logic_1164 1258431800 PB work/conv_pkg 1343060189
AR work/pulses_entity_7390d2234e/structural 1343060273 \
      FL /home/sean/SDR/Firmware/projects/timestamper/sysgen/timestamper.vhd \
      EN work/pulses_entity_7390d2234e 1343060272 CP work/addr_entity_86c2b6771b \
      CP work/bram0_entity_1b1454236a CP work/constant_6293007044 \
      CP work/constant_17eda58ae4 CP work/delay_9f02caa990 \
      CP work/delay_e2d047c154 CP work/delay_672d2b8d1e CP work/logical_799f62af22 \
      CP work/xlcounter_free CP work/mux_1e22c21d05 CP work/mux_fd01d62b53 \
      CP work/pipeline1_entity_672f137dfe CP work/pipeline2_entity_4c90476db6 \
      CP work/pipeline8_entity_792aeffb65 CP work/xlslice
EN work/seconds_entity_5ab98a6a0e 1343060274 \
      FL /home/sean/SDR/Firmware/projects/timestamper/sysgen/timestamper.vhd \
      PB ieee/std_logic_1164 1258431800 PB work/conv_pkg 1343060189
AR work/seconds_entity_5ab98a6a0e/structural 1343060275 \
      FL /home/sean/SDR/Firmware/projects/timestamper/sysgen/timestamper.vhd \
      EN work/seconds_entity_5ab98a6a0e 1343060274 CP work/xlconvert
EN work/timestamper 1343060276 \
      FL /home/sean/SDR/Firmware/projects/timestamper/sysgen/timestamper.vhd \
      PB ieee/std_logic_1164 1258431800 PB work/conv_pkg 1343060189
AR work/timestamper/structural 1343060277 \
      FL /home/sean/SDR/Firmware/projects/timestamper/sysgen/timestamper.vhd \
      EN work/timestamper 1343060276 CP work/adc_mkid_entity_802cdbfdbd \
      CP work/capture_entity_f86145b86f CP work/constant_6293007044 \
      CP work/constant_37567836aa CP work/delay_9f02caa990 \
      CP work/delay_e2d047c154 CP work/inverter_e5b38cca3b \
      CP work/logical_799f62af22 CP work/xlcounter_limit CP work/xlcounter_free \
      CP work/mux_1e22c21d05 CP work/negedge_entity_c3395d4ee4 \
      CP work/posedge_entity_afeb600db0 CP work/pulses_entity_7390d2234e \
      CP work/xlregister CP work/relational_770e12e4ab \
      CP work/seconds_entity_5ab98a6a0e CP work/xlslice
FL /home/sean/SDR/Firmware/projects/timestamper/sysgen/timestamper_cw.vhd 2012/07/19.16:33:11 L.33
EN work/xlclockdriver 1343060278 \
      FL /home/sean/SDR/Firmware/projects/timestamper/sysgen/timestamper_cw.vhd \
      PB ieee/std_logic_1164 1258431800 PB ieee/NUMERIC_STD 1258431801 \
      PB work/conv_pkg 1343060189
AR work/xlclockdriver/behavior 1343060279 \
      FL /home/sean/SDR/Firmware/projects/timestamper/sysgen/timestamper_cw.vhd \
      EN work/xlclockdriver 1343060278 CP synth_reg_w_init CP bufg
EN work/default_clock_driver 1343060280 \
      FL /home/sean/SDR/Firmware/projects/timestamper/sysgen/timestamper_cw.vhd \
      PB ieee/std_logic_1164 1258431800 PB work/conv_pkg 1343060189
AR work/default_clock_driver/structural 1343060281 \
      FL /home/sean/SDR/Firmware/projects/timestamper/sysgen/timestamper_cw.vhd \
      EN work/default_clock_driver 1343060280 CP work/xlclockdriver
EN work/timestamper_cw 1343060282 \
      FL /home/sean/SDR/Firmware/projects/timestamper/sysgen/timestamper_cw.vhd \
      PB ieee/std_logic_1164 1258431800 PB work/conv_pkg 1343060189
AR work/timestamper_cw/structural 1343060283 \
      FL /home/sean/SDR/Firmware/projects/timestamper/sysgen/timestamper_cw.vhd \
      EN work/timestamper_cw 1343060282 CP work/default_clock_driver \
      CP xlpersistentdff CP work/timestamper
